C:\Elucid Software\cgi\wwwboard.cgi
C:\Elucid Software\cgi\FormMail.cgi
C:\Elucid Software\cgi\FormMail.cgi
C:\Elucid Software\cgi\wwwboard.cgi
C:\Elucid Software\cgi\wwwboard.cgi
C:\Elucid Software\cgi\wwwboard.cgi
C:\Elucid Software\cgi\wwwboard.cgi
C:\Elucid Software\cgi\wwwboard.cgi
C:\Elucid Software\cgi\wwwboard.cgi
C:\Elucid Software\cgi\wwwboard.cgi
C:\Elucid Software\cgi\FormMail.cgi
C:\Elucid Software\cgi\wwwboard.cgi
C:\Elucid Software\cgi\wwwboard.cgi
C:\Elucid Software\cgi\wwwboard.cgi
C:\Elucid Software\cgi\wwwboard.cgi
C:\Elucid Software\cgi\wwwboard.cgi
C:\Elucid Software\cgi\wwwboard.cgi
C:\Elucid Software\cgi\wwwboard.cgi
C:\Elucid Software\cgi\wwwboard.cgi
C:\Elucid Software\cgi\wwwboard.cgi
C:\Elucid Software\cgi\wwwboard.cgi
C:\Elucid Software\cgi\wwwboard.cgi
C:\Elucid Software\cgi\wwwboard.cgi
C:\Elucid Software\cgi\wwwboard.cgi
C:\Elucid Software\cgi\wwwboard.cgi
C:\Elucid Software\cgi\wwwboard.cgi
C:\Elucid Software\cgi\FormMail.cgi
C:\Elucid Software\cgi\wwwboard.cgi
C:\Elucid Software\cgi\wwwboard.cgi
C:\Elucid Software\cgi\FormMail.cgi
C:\Elucid Software\cgi\FormMail.cgi
C:\Elucid Software\cgi\wwwboard.cgi
C:\Elucid Software\cgi\wwwboard.cgi
C:\Elucid Software\cgi\wwwboard.cgi
C:\Elucid Software\cgi\wwwboard.cgi
C:\Elucid Software\cgi\wwwboard.cgi
C:\Elucid Software\cgi\wwwboard.cgi
C:\Elucid Software\cgi\wwwboard.cgi
C:\Elucid Software\cgi\wwwboard.cgi
C:\Elucid Software\cgi\wwwboard.cgi
C:\Elucid Software\cgi\wwwboard.cgi
C:\Elucid Software\cgi\wwwboard.cgi
C:\Elucid Software\cgi\wwwboard.cgi
C:\Elucid Software\cgi\wwwboard.cgi
C:\Elucid Software\cgi\wwwboard.cgi
C:\Elucid Software\cgi\wwwboard.cgi
C:\Elucid Software\cgi\wwwboard.cgi
C:\Elucid Software\cgi\wwwboard.cgi
C:\Elucid Software\cgi\wwwboard.cgi
C:\Elucid Software\cgi\wwwboard.cgi
C:\Elucid Software\cgi\FormMail.cgi
C:\Elucid Software\cgi\FormMail.cgi
C:\Elucid Software\cgi\FormMail.cgi
C:\Elucid Software\cgi\FormMail.cgi
C:\Elucid Software\cgi\FormMail.cgi
C:\Elucid Software\cgi\FormMail.cgi
C:\Elucid Software\cgi\FormMail.cgi
C:\Elucid Software\cgi\wwwboard.cgi
C:\Elucid Software\cgi\wwwboard.cgi
C:\Elucid Software\cgi\wwwboard.cgi
C:\Elucid Software\cgi\wwwboard.cgi
C:\Elucid Software\cgi\wwwboard.cgi
C:\Elucid Software\cgi\wwwboard.cgi
C:\Elucid Software\cgi\wwwboard.cgi
C:\Elucid Software\cgi\wwwboard.cgi
C:\Elucid Software\cgi\wwwboard.cgi
C:\Projects\CgEye\Resources\wwwboard.cgi
C:\Projects\CgEye\Resources\wwwboard.cgi
C:\Projects\CgEye\Resources\wwwboard.cgi





































































